[Test].[A_Main]                                                                                
---------------                                                                                
      MainId Name         CreatedDate                                                          
------------ ------------ -------------------                                                  
           1 Test Row     31/08/2020 12:01:00                                                  
                                                                                               