Table Definitions                                                                              
-----------------                                                                              
Table Name                                                                                     
------------------                                                                             
[Test].[A_Main]                                                                                
                                                                                               
           Is      Is                                                    Referenced            
           Primary Compare Is            Is          Is       Referenced Property              
    Name   Key     Key     Unpredictable Predictable Required Table Name Name                  
    ------ ------- ------- ------------- ----------- -------- ---------- ----------            
    MainId True    False   False         True        False                                     
                                                                                               
Table Name                                                                                     
------------------                                                                             
[Test].[B_Related]                                                                             
                                                                                               
         Is      Is                                                    Referenced              
         Primary Compare Is            Is          Is       Referenced Property                
    Name Key     Key     Unpredictable Predictable Required Table Name Name                    
    ---- ------- ------- ------------- ----------- -------- ---------- ----------              
    BId  True    False   True          False       False                                       
                                                                                               
                                                                                               