Table Definitions                                                                              
-----------------                                                                              
               Exclude               Defined                                                   
               From       Include In By                                                        
Table Name     Comparison Comparison Types                                                     
-------------- ---------- ---------- -------                                                   
[Test].[AMain] False      False      AMain                                                     
                                                                                               
           Is      Is                                                    Referenced            
           Primary Compare Is            Is          Is       Referenced Property              
    Name   Key     Key     Unpredictable Predictable Required Table Name Name                  
    ------ ------- ------- ------------- ----------- -------- ---------- ----------            
    MainId False   False   False         True        False                                     
                                                                                               
                                                                                               