[SqlServerSnapshots.Tests].[Test]                                                              
---------------------------------                                                              
Table Name                                                                                     
----------                                                                                     
[Test].[A]                                                                                     
                                                                                               
                In                                                                             
                Primary                                                                        
    Name        Key                                                                            
    ----------- -------                                                                        
    Id          True                                                                           
    Name        False                                                                          
    CreatedDate False                                                                          
                                                                                               
    Referencing       Referenced                                                               
    Columns     Table Columns                                                                  
    ----------- ----- ----------                                                               
                                                                                               
                                                                                               