[SqlServerSnapshots.Tests].[Test]                                                              
---------------------------------                                                              
Table                                                                                          
Name                                                                                           
---------                                                                                      
A_Main                                                                                         
                                                                                               
                In                                                                             
                Primary                                                                        
    Name        Key                                                                            
    ----------- -------                                                                        
    MainId      True                                                                           
    Name        False                                                                          
    CreatedDate False                                                                          
                                                                                               
    Referencing       Referenced                                                               
    Columns     Table Columns                                                                  
    ----------- ----- ----------                                                               
                                                                                               
Table                                                                                          
Name                                                                                           
---------                                                                                      
B_Related                                                                                      
                                                                                               
           In                                                                                  
           Primary                                                                             
    Name   Key                                                                                 
    ------ -------                                                                             
    BId    True                                                                                
    Name   False                                                                               
    MainId False                                                                               
                                                                                               
    Referencing                 Referenced                                                     
    Columns     Table           Columns                                                        
    ----------- --------------- ----------                                                     
    [MainId]    [Test].[A_Main] [MainId]                                                       
                                                                                               
                                                                                               