[Test].[A_Main]                                                                                
---------------                                                                                
      MainId Name         CreatedDate                                                          
------------ ------------ -------------------                                                  
           1 First        23/08/2020 10:01:00                                                  
           2 Second       23/08/2020 10:05:00                                                  
                                                                                               