Table Definitions                                                                              
-----------------                                                                              
                   Exclude               Defined                                               
                   From       Include In By                                                    
Table Name         Comparison Comparison Types                                                 
------------------ ---------- ---------- -------                                               
[Test].[A_Main]    False      False                                                            
                                                                                               
           Is      Is                                                                      Referenced                     
           Primary Compare Is            Is          Is       Is       Is       Referenced Property   Sort      Sort  Date
    Name   Key     Key     Unpredictable Predictable Required Included Excluded Table Name Name       Direction Index Type
    ------ ------- ------- ------------- ----------- -------- -------- -------- ---------- ---------- --------- ----- ----
    MainId True    False   True          False       False    False    False                                              
                                                                                               
                   Exclude               Defined                                               
                   From       Include In By                                                    
Table Name         Comparison Comparison Types                                                 
------------------ ---------- ---------- -------                                               
[Test].[B_Related] False      False                                                            
                                                                                               
           Is      Is                                                                      Referenced                     
           Primary Compare Is            Is          Is       Is       Is       Referenced Property   Sort      Sort  Date
    Name   Key     Key     Unpredictable Predictable Required Included Excluded Table Name Name       Direction Index Type
    ------ ------- ------- ------------- ----------- -------- -------- -------- ---------- ---------- --------- ----- ----
    BId    True    False   True          False       False    False    False                                              
    MainId False   False   False         False       False    False    False    [Test].    MainId                         
                                                                                [A_Main]                                  
                                                                                               
                                                                                               