[Test].[A_Main]                                                                                
---------------                                                                                
      MainId Name         CreatedDate                                                          
------------ ------------ -------------------                                                  
           1 First        23/08/2020 10:01:00                                                  
           2 Second       23/08/2020 10:05:00                                                  
[Test].[B_Related]                                                                             
------------------                                                                             
         BId Name               MainId                                                         
------------ ------------ ------------                                                         
           1 First Sub 1             1                                                         
           2 First Sub 2             1                                                         
           3 First Sub 3             1                                                         
           4 First Sub 4             1                                                         
                                                                                               